#0 building with "desktop-linux" instance using docker driver

#1 [internal] load build definition from Dockerfile
#1 transferring dockerfile: 1.07kB done
#1 DONE 0.0s

#2 [internal] load metadata for docker.io/library/python:3.11-slim
#2 DONE 0.7s

#3 [internal] load .dockerignore
#3 transferring context: 124B done
#3 DONE 0.0s

#4 [1/7] FROM docker.io/library/python:3.11-slim@sha256:e88e9763f943ec1834f992a4b51e0f24500486803e8bc534e5767af9ea65f6ce
#4 resolve docker.io/library/python:3.11-slim@sha256:e88e9763f943ec1834f992a4b51e0f24500486803e8bc534e5767af9ea65f6ce done
#4 DONE 0.0s

#5 [internal] load build context
#5 transferring context: 242B done
#5 DONE 0.0s

#6 [3/7] COPY requirements.txt ./
#6 CACHED

#7 [5/7] COPY model/modele.joblib ./model/
#7 CACHED

#8 [6/7] COPY app.py ./
#8 CACHED

#9 [4/7] RUN pip install --no-cache-dir -r requirements.txt
#9 CACHED

#10 [2/7] WORKDIR /app
#10 CACHED

#11 [7/7] RUN chmod -R a+rX /app && useradd --create-home appuser
#11 CACHED

#12 exporting to image
#12 exporting layers done
#12 writing image sha256:81653b4439ad99848ec9a0775bd612ef81944291b24b42ec06d15df5643ade1c done
#12 naming to docker.io/library/dermascan-api:1.0.0 done
#12 DONE 0.0s

View build details: docker-desktop://dashboard/build/desktop-linux/desktop-linux/qa0ptuh4ottfoeaobxdsa7tbz
