#0 building with "desktop-linux" instance using docker driver

#1 [internal] load build definition from Dockerfile
#1 transferring dockerfile: 1.07kB done
#1 DONE 0.0s

#2 [internal] load metadata for docker.io/library/python:3.11-slim
#2 DONE 0.7s

#3 [internal] load .dockerignore
#3 transferring context: 124B done
#3 DONE 0.0s

#4 [1/7] FROM docker.io/library/python:3.11-slim@sha256:e88e9763f943ec1834f992a4b51e0f24500486803e8bc534e5767af9ea65f6ce
#4 resolve docker.io/library/python:3.11-slim@sha256:e88e9763f943ec1834f992a4b51e0f24500486803e8bc534e5767af9ea65f6ce done
#4 DONE 0.0s

#5 [2/7] WORKDIR /app
#5 CACHED

#6 [internal] load build context
#6 transferring context: 179B done
#6 DONE 0.0s

#7 [3/7] COPY requirements.txt ./
#7 DONE 0.0s

#8 [4/7] RUN pip install --no-cache-dir -r requirements.txt
#8 0.892 Collecting flask (from -r requirements.txt (line 1))
#8 0.986   Downloading flask-3.1.3-py3-none-any.whl.metadata (3.2 kB)
#8 1.025 Collecting gunicorn (from -r requirements.txt (line 2))
#8 1.042   Downloading gunicorn-26.2.0-py3-none-any.whl.metadata (5.5 kB)
#8 1.170 Collecting scikit-learn (from -r requirements.txt (line 3))
#8 1.191   Downloading scikit_learn-1.9.1-cp311-cp311-manylinux_2_27_aarch64.manylinux_2_28_aarch64.whl.metadata (9.3 kB)
#8 1.304 Collecting pandas (from -r requirements.txt (line 4))
#8 1.355   Downloading pandas-3.0.6-cp311-cp311-manylinux_2_24_aarch64.manylinux_2_28_aarch64.whl.metadata (79 kB)
#8 1.378      ━━━━━━━━━━━━━━━━━━━━━━━━━━━━━━━━━━━━━━━━ 79.5/79.5 kB 3.8 MB/s eta 0:00:00
#8 1.420 Collecting joblib (from -r requirements.txt (line 5))
#8 1.438   Downloading joblib-1.6.0-py3-none-any.whl.metadata (6.5 kB)
#8 1.565 Collecting blinker>=1.9.0 (from flask->-r requirements.txt (line 1))
#8 1.585   Downloading blinker-1.9.0-py3-none-any.whl.metadata (1.6 kB)
#8 1.627 Collecting click>=8.1.3 (from flask->-r requirements.txt (line 1))
#8 1.645   Downloading click-8.5.0-py3-none-any.whl.metadata (2.6 kB)
#8 1.674 Collecting itsdangerous>=2.2.0 (from flask->-r requirements.txt (line 1))
#8 1.693   Downloading itsdangerous-2.2.0-py3-none-any.whl.metadata (1.9 kB)
#8 1.731 Collecting jinja2>=3.1.2 (from flask->-r requirements.txt (line 1))
#8 1.752   Downloading jinja2-3.1.6-py3-none-any.whl.metadata (2.9 kB)
#8 1.915 Collecting markupsafe>=2.1.1 (from flask->-r requirements.txt (line 1))
#8 1.936   Downloading markupsafe-3.0.4-cp311-cp311-manylinux2014_aarch64.manylinux_2_17_aarch64.manylinux_2_28_aarch64.whl.metadata (2.7 kB)
#8 1.971 Collecting werkzeug>=3.1.0 (from flask->-r requirements.txt (line 1))
#8 2.075   Downloading werkzeug-3.1.9-py3-none-any.whl.metadata (4.1 kB)
#8 2.263 Collecting numpy>=1.24.1 (from scikit-learn->-r requirements.txt (line 3))
#8 2.286   Downloading numpy-2.4.6-cp311-cp311-manylinux_2_27_aarch64.manylinux_2_28_aarch64.whl.metadata (6.6 kB)
#8 2.475 Collecting scipy>=1.10.0 (from scikit-learn->-r requirements.txt (line 3))
#8 2.584   Downloading scipy-1.17.1-cp311-cp311-manylinux_2_27_aarch64.manylinux_2_28_aarch64.whl.metadata (62 kB)
#8 2.586      ━━━━━━━━━━━━━━━━━━━━━━━━━━━━━━━━━━━━━━━ 62.1/62.1 kB 252.8 MB/s eta 0:00:00
#8 2.676 Collecting narwhals>=2.0.1 (from scikit-learn->-r requirements.txt (line 3))
#8 2.695   Downloading narwhals-2.26.0-py3-none-any.whl.metadata (15 kB)
#8 2.719 Collecting threadpoolctl>=3.5.0 (from scikit-learn->-r requirements.txt (line 3))
#8 2.738   Downloading threadpoolctl-3.7.0-py3-none-any.whl.metadata (24 kB)
#8 2.800 Collecting python-dateutil>=2.8.2 (from pandas->-r requirements.txt (line 4))
#8 2.820   Downloading python_dateutil-2.9.0.post0-py2.py3-none-any.whl.metadata (8.4 kB)
#8 2.941 Collecting cloudpickle>=3.0 (from joblib->-r requirements.txt (line 5))
#8 2.961   Downloading cloudpickle-3.1.2-py3-none-any.whl.metadata (7.1 kB)
#8 3.009 Collecting six>=1.5 (from python-dateutil>=2.8.2->pandas->-r requirements.txt (line 4))
#8 3.110   Downloading six-1.17.0-py2.py3-none-any.whl.metadata (1.7 kB)
#8 3.174 Downloading flask-3.1.3-py3-none-any.whl (103 kB)
#8 3.188    ━━━━━━━━━━━━━━━━━━━━━━━━━━━━━━━━━━━━━━━━ 103.4/103.4 kB 7.9 MB/s eta 0:00:00
#8 3.206 Downloading gunicorn-26.2.0-py3-none-any.whl (228 kB)
#8 3.227    ━━━━━━━━━━━━━━━━━━━━━━━━━━━━━━━━━━━━━━━━ 228.4/228.4 kB 11.2 MB/s eta 0:00:00
#8 3.247 Downloading scikit_learn-1.9.1-cp311-cp311-manylinux_2_27_aarch64.manylinux_2_28_aarch64.whl (9.0 MB)
#8 3.769    ━━━━━━━━━━━━━━━━━━━━━━━━━━━━━━━━━━━━━━━━ 9.0/9.0 MB 17.4 MB/s eta 0:00:00
#8 3.796 Downloading pandas-3.0.6-cp311-cp311-manylinux_2_24_aarch64.manylinux_2_28_aarch64.whl (10.6 MB)
#8 4.710    ━━━━━━━━━━━━━━━━━━━━━━━━━━━━━━━━━━━━━━━━ 10.6/10.6 MB 11.3 MB/s eta 0:00:00
#8 4.732 Downloading joblib-1.6.0-py3-none-any.whl (306 kB)
#8 4.769    ━━━━━━━━━━━━━━━━━━━━━━━━━━━━━━━━━━━━━━━━ 306.1/306.1 kB 9.1 MB/s eta 0:00:00
#8 4.793 Downloading blinker-1.9.0-py3-none-any.whl (8.5 kB)
#8 4.817 Downloading click-8.5.0-py3-none-any.whl (125 kB)
#8 4.822    ━━━━━━━━━━━━━━━━━━━━━━━━━━━━━━━━━━━━━━━ 125.3/125.3 kB 172.9 MB/s eta 0:00:00
#8 4.844 Downloading cloudpickle-3.1.2-py3-none-any.whl (22 kB)
#8 4.865 Downloading itsdangerous-2.2.0-py3-none-any.whl (16 kB)
#8 4.889 Downloading jinja2-3.1.6-py3-none-any.whl (134 kB)
#8 4.894    ━━━━━━━━━━━━━━━━━━━━━━━━━━━━━━━━━━━━━━━ 134.9/134.9 kB 130.5 MB/s eta 0:00:00
#8 4.921 Downloading markupsafe-3.0.4-cp311-cp311-manylinux2014_aarch64.manylinux_2_17_aarch64.manylinux_2_28_aarch64.whl (24 kB)
#8 5.031 Downloading narwhals-2.26.0-py3-none-any.whl (474 kB)
#8 5.057    ━━━━━━━━━━━━━━━━━━━━━━━━━━━━━━━━━━━━━━━━ 474.0/474.0 kB 21.6 MB/s eta 0:00:00
#8 5.086 Downloading numpy-2.4.6-cp311-cp311-manylinux_2_27_aarch64.manylinux_2_28_aarch64.whl (16.0 MB)
#8 6.881    ━━━━━━━━━━━━━━━━━━━━━━━━━━━━━━━━━━━━━━━━ 16.0/16.0 MB 8.0 MB/s eta 0:00:00
#8 6.906 Downloading python_dateutil-2.9.0.post0-py2.py3-none-any.whl (229 kB)
#8 6.921    ━━━━━━━━━━━━━━━━━━━━━━━━━━━━━━━━━━━━━━━━ 229.9/229.9 kB 20.7 MB/s eta 0:00:00
#8 6.945 Downloading scipy-1.17.1-cp311-cp311-manylinux_2_27_aarch64.manylinux_2_28_aarch64.whl (33.1 MB)
#8 11.14    ━━━━━━━━━━━━━━━━━━━━━━━━━━━━━━━━━━━━━━━━ 33.1/33.1 MB 9.1 MB/s eta 0:00:00
#8 11.17 Downloading threadpoolctl-3.7.0-py3-none-any.whl (26 kB)
#8 11.19 Downloading werkzeug-3.1.9-py3-none-any.whl (228 kB)
#8 11.20    ━━━━━━━━━━━━━━━━━━━━━━━━━━━━━━━━━━━━━━━━ 228.7/228.7 kB 32.4 MB/s eta 0:00:00
#8 11.30 Downloading six-1.17.0-py2.py3-none-any.whl (11 kB)
#8 11.48 Installing collected packages: threadpoolctl, six, numpy, narwhals, markupsafe, itsdangerous, gunicorn, cloudpickle, click, blinker, werkzeug, scipy, python-dateutil, joblib, jinja2, scikit-learn, pandas, flask
#8 18.15 Successfully installed blinker-1.9.0 click-8.5.0 cloudpickle-3.1.2 flask-3.1.3 gunicorn-26.2.0 itsdangerous-2.2.0 jinja2-3.1.6 joblib-1.6.0 markupsafe-3.0.4 narwhals-2.26.0 numpy-2.4.6 pandas-3.0.6 python-dateutil-2.9.0.post0 scikit-learn-1.9.1 scipy-1.17.1 six-1.17.0 threadpoolctl-3.7.0 werkzeug-3.1.9
#8 18.15 WARNING: Running pip as the 'root' user can result in broken permissions and conflicting behaviour with the system package manager. It is recommended to use a virtual environment instead: https://pip.pypa.io/warnings/venv
#8 18.26 
#8 18.26 [notice] A new release of pip is available: 24.0 -> 26.2.1
#8 18.26 [notice] To update, run: pip install --upgrade pip
#8 DONE 18.8s

#9 [5/7] COPY model/modele.joblib ./model/
#9 DONE 0.0s

#10 [6/7] COPY app.py ./
#10 DONE 0.0s

#11 [7/7] RUN chmod -R a+rX /app && useradd --create-home appuser
#11 DONE 0.1s

#12 exporting to image
#12 exporting layers
#12 exporting layers 0.8s done
#12 writing image sha256:2c47ec0304e23ff15ce014ddd1211174d8fe230085263b6ad8b89b62f67e9528
#12 writing image sha256:2c47ec0304e23ff15ce014ddd1211174d8fe230085263b6ad8b89b62f67e9528 done
#12 naming to docker.io/library/dermascan-api:1.0.0 done
#12 DONE 0.8s

View build details: docker-desktop://dashboard/build/desktop-linux/desktop-linux/ued9sgbq02gpb0lg9np6wpssq
